[main] Created log file log/db-05-13-2021.22.09.38.txt
[main] Reading db.json
[main] Started scraping
[6787178] STARTING TO SCRAPE DECK 6787178
[6787178] Finished scraping.
[6774584] STARTING TO SCRAPE DECK 6774584
[6774584] note: property 'effect' of card id 1944932 (Koa'ki Meiru Spare Amalgam) was changed
[6774584] from: Special Summon this card as an Effect Monster (Warrior/EARTH/Level 6/ATK 2200/DEF 1700). (This card is also still a Trap.). If this card is Special Summoned: You can Special Summon 1 "Koa'ki Meiru" monster from your hand. If this card is destroyed the field by an opponents card effect: You can Special Summon 1 "Koa'ki Meiru" monster from your Deck in Defense Position, but its effects are negated, except for its activated effects. You can only use this effect of "Koa'ki Meiru Spare Amalgam" once per turn.
[6774584] to: Special Summon this card as an Effect Monster (Warrior/EARTH/Level 6/ATK 2200/DEF 1700). (This card is also still a Trap.). If this card is Special Summoned: You can Special Summon 1 "Koa'ki Meiru" monster from your hand. If this card on the field is destroyed by an opponents card effect: You can Special Summon 1 "Koa'ki Meiru" monster from your Deck in Defense Position, but its effects are negated, except for its activated effects. You can only use this effect of "Koa'ki Meiru Spare Amalgam" once per turn.
[6774584] Finished scraping.
[6514931] STARTING TO SCRAPE DECK 6514931
[6514931] Finished scraping.
[6590945] STARTING TO SCRAPE DECK 6590945
[6590945] note: property 'effect' of card id 1940004 (Constellar Trapezium) was changed
[6590945] from: 2 Level 4 LIGHT monsters, including a "Constellar" monster
Once per turn (Quick Effect): You can detach 1 material from this card; destroy face-up monsters your opponent controls, up to the number of "Constellar" Xyz Monsters you control. When the effect of a LIGHT Xyz Monster you control is activated: All LIGHT Xyz Monsters you control gain 250 ATK/DEF
[6590945] to: 2 Level 4 LIGHT monsters, including a "Constellar" monster
Once per turn (Quick Effect): You can detach 1 material from this card; destroy face-up monsters your opponent controls, up to the number of "Constellar" Xyz Monsters you control. When the effect of a LIGHT Xyz Monster you control is activated, except "Constellar Trapezium": All LIGHT Xyz Monsters you control gain 250 ATK/DEF.
[6590945] Finished scraping.
[6746888] STARTING TO SCRAPE DECK 6746888
[6746888] note: property 'effect' of card id 1940004 (Constellar Trapezium) was changed
[6746888] from: 2 Level 4 LIGHT monsters, including a "Constellar" monster
Once per turn (Quick Effect): You can detach 1 material from this card; destroy face-up monsters your opponent controls, up to the number of "Constellar" Xyz Monsters you control. When the effect of a LIGHT Xyz Monster you control is activated: All LIGHT Xyz Monsters you control gain 250 ATK/DEF
[6746888] to: 2 Level 4 LIGHT monsters, including a "Constellar" monster
Once per turn (Quick Effect): You can detach 1 material from this card; destroy face-up monsters your opponent controls, up to the number of "Constellar" Xyz Monsters you control. When the effect of a LIGHT Xyz Monster you control is activated, except "Constellar Trapezium": All LIGHT Xyz Monsters you control gain 250 ATK/DEF.
[6746888] Finished scraping.
[6708539] STARTING TO SCRAPE DECK 6708539
[6708539] Finished scraping.
[6787363] STARTING TO SCRAPE DECK 6787363
[6787363] Finished scraping.
[6008240] STARTING TO SCRAPE DECK 6008240
[6008240] Finished scraping.
[6686412] STARTING TO SCRAPE DECK 6686412
[6686412] Finished scraping.
[6628957] STARTING TO SCRAPE DECK 6628957
[6628957] Finished scraping.
[6645825] STARTING TO SCRAPE DECK 6645825
[6645825] Finished scraping.
[6622494] STARTING TO SCRAPE DECK 6622494
[6622494] Finished scraping.
[6598859] STARTING TO SCRAPE DECK 6598859
[6598859] Finished scraping.
[6556030] STARTING TO SCRAPE DECK 6556030
[6556030] Finished scraping.
[6524605] STARTING TO SCRAPE DECK 6524605
[6524605] Finished scraping.
[6791911] STARTING TO SCRAPE DECK 6791911
[6791911] Finished scraping.
[4026672] STARTING TO SCRAPE DECK 4026672
[4026672] Finished scraping.
[6791947] STARTING TO SCRAPE DECK 6791947
[6791947] Finished scraping.
[6438706] STARTING TO SCRAPE DECK 6438706
[6438706] note: property 'effect' of card id 1744396 (Constellarknight) was changed
[6438706] from: Once per turn, during the End Phase: You can take 1 "Constellar" or "tellarknight" card from your GY, except "Constellarknight", and either add it to your hand or attach it to a "Constellar" or "tellarknight" Xyz Monster you control as material. You can only use each of the following effects of "Constellarknight" once per turn.
● If a monster(s) is Summoned: You can reveal your hand; add 1 "Constellar" or "tellarknight" monster from your Deck to your hand, with a different name from all cards in your hand, face-up field, and GY. 
● If this face-up card leaves the field: You can place 1 Continuous Spell/Trap from your hand face-up in your Spell & Trap Zone.
[6438706] to: During the End Phase: You can take 1 "tellarknight" card from your GY, except "Constellarknight", and either add it to your hand or attach it to a "tellarknight" Xyz Monster you control as material.
● If a monster(s) is Summoned: You can reveal your hand; add 1 "tellarknight" monster from your Deck to your hand, with a different name from all cards in your hand, face-up field, and GY. 
● If this face-up card leaves the field: You can place 1 Continuous Spell/Trap from your hand face-up in your Spell & Trap Zone.
You can only use each effect of "Constellarknight" once per turn.
[6438706] note: property 'effect' of card id 1744619 (Constellarknight Constellation) was changed
[6438706] from: When you activate this card, you can also discard 1 card; apply 1 of these effects.
● Add 1 "Constellar", "tellarknight", or "tellarnova" card from your Deck to your hand, except "Constellarknight Constellation", or, if you discarded a card when you activated this card, you can add 2 cards with different names, instead.
● Special Summon 1 "Constellar" or "tellarknight" monster from your hand, or up to 2 instead if you discarded a card when you activated this card.
You can only activate 1 "Constellarknight Constellation" per turn. You cannot Special Summon monsters from your Extra Deck the turn you activate this card, except "Constellar" and "tellarknight" monsters.
[6438706] to: When you activate this card, you can also discard 1 card; apply 1 of these effects.
● Add 1 "Constellar", "tellarknight", or "tellarnova" card from your Deck to your hand, except "Constellarknight Constellation".
● Special Summon 1 "Constellar" or "tellarknight" monster from your hand, or up to 2 instead if you discarded a card when you activated this card.
You can only activate 1 "Constellarknight Constellation" per turn. You cannot Special Summon monsters from your Extra Deck the turn you activate this card, except "Constellar" and "tellarknight" monsters.
[6438706] note: property 'effect' of card id 1744401 (Constellarnova) was changed
[6438706] from: During the Main Phase: You can Special Summon 1 "Constellar" or "tellarknight" monster from your GY in Defense Position. If a monster(s) is Special Summoned from the Extra Deck: You can Special Summon 1 "Constellar" or "tellarknight" Xyz Monster from your Extra Deck, by using 1 "Constellar" or "tellarknight" Xyz Monster you control as material. (This is treated as an Xyz Summon. Transfer its materials to the Summoned monster.) You can only use each effect of "Constellarnova" once per turn.
[6438706] to: During the Main Phase: You can Special Summon 1 "tellarknight" monster from your GY in Defense Position. If a monster(s) is Special Summoned from the Extra Deck: You can Special Summon 1 "tellarknight" Xyz Monster from your Extra Deck, by using 1 "tellarknight" Xyz Monster you control as material. (This is treated as an Xyz Summon. Transfer its materials to the Summoned monster.) You can only use each effect of "Constellarnova" once per turn.
[6438706] Finished scraping.
[6412660] STARTING TO SCRAPE DECK 6412660
[6412660] Finished scraping.
[6402157] STARTING TO SCRAPE DECK 6402157
[6402157] warning: card id 1816306 (D/D Shadow) is not public
[6402157] Finished scraping.
[6407622] STARTING TO SCRAPE DECK 6407622
[6407622] Finished scraping.
[6365184] STARTING TO SCRAPE DECK 6365184
[6365184] Finished scraping.
[6124612] STARTING TO SCRAPE DECK 6124612
[6124612] Finished scraping.
[6360689] STARTING TO SCRAPE DECK 6360689
[6360689] note: property 'effect' of card id 1314672 (Digital Bug TaRAMtula) was changed
[6360689] from: This card cannot attack directly, and can only attack Defense Position monsters. Cannot be used as material for an Xyz Summon, except for the Xyz Summon of an Insect monster. You can target 1 LIGHT Insect monster you control; change its battle position, then Special Summon this card from your hand. You can only use this effect of "Digital Bug TaRAMtula" once per turn. An Xyz Monster that was Summoned using this card on the field as Xyz Material gains this effect.
● Once per turn, if a material(s) is detached from this card: You can Special Summon any of them in Attack Position, but for the rest of this turn, you cannot Special Summon monsters with the same name in Attack Position.
[6360689] to: This card cannot attack directly, and can only attack Defense Position monsters. Cannot be used as material for an Xyz Summon, except for the Xyz Summon of an Insect monster. You can target 1 LIGHT Insect monster you control; change its battle position, and if you do, Special Summon this card from your hand. You can only use this effect of "Digital Bug TaRAMtula" once per turn. An Xyz Monster that was Summoned using this card on the field as Xyz Material gains this effect.
● Once per turn, if a material(s) is detached from this card: You can Special Summon any of them in Attack Position, but for the rest of this turn, you cannot Special Summon monsters with the same name in Attack Position.
[6360689] Finished scraping.
[6292623] STARTING TO SCRAPE DECK 6292623
[6292623] Finished scraping.
[6245917] STARTING TO SCRAPE DECK 6245917
[6245917] Finished scraping.
[5954949] STARTING TO SCRAPE DECK 5954949
[5954949] Finished scraping.
[5703615] STARTING TO SCRAPE DECK 5703615
[5703615] Finished scraping.
[6169009] STARTING TO SCRAPE DECK 6169009
[6169009] Finished scraping.
[6109070] STARTING TO SCRAPE DECK 6109070
[6109070] Finished scraping.
[5844326] STARTING TO SCRAPE DECK 5844326
[5844326] Finished scraping.
[5936560] STARTING TO SCRAPE DECK 5936560
[5936560] Finished scraping.
[4422086] STARTING TO SCRAPE DECK 4422086
[4422086] warning: card id 9491 (Mystrick Hulder) was duplicated in <4422086> from <4422086>
[4422086] Finished scraping.
[5839316] STARTING TO SCRAPE DECK 5839316
[5839316] Finished scraping.
[6239411] STARTING TO SCRAPE DECK 6239411
[6239411] Finished scraping.
[5894044] STARTING TO SCRAPE DECK 5894044
[5894044] Finished scraping.
[5749949] STARTING TO SCRAPE DECK 5749949
[5749949] Finished scraping.
[4251928] STARTING TO SCRAPE DECK 4251928
[4251928] Finished scraping.
[4936132] STARTING TO SCRAPE DECK 4936132
[4936132] Finished scraping.
[5219266] STARTING TO SCRAPE DECK 5219266
[5219266] Finished scraping.
[5260210] STARTING TO SCRAPE DECK 5260210
[5260210] Finished scraping.
[4810529] STARTING TO SCRAPE DECK 4810529
[4810529] Finished scraping.
[5496883] STARTING TO SCRAPE DECK 5496883
[5496883] Finished scraping.
[3256281] STARTING TO SCRAPE DECK 3256281
[3256281] Finished scraping.
[5782891] STARTING TO SCRAPE DECK 5782891
[5782891] note: property 'effect' of card id 1220047 (The Weather Sky Gallery) was changed
[5782891] from: Cards that would be returned from the field to your opponent's hand by "The Weather" cards or effects are shuffled into the Deck instead. You can only use each of the following effects of "The Weather Sky Gallery" once per turn.
●You can banish 1 "The Weather" card from your Deck; during the next Standby Phase, either add 1 of your banished "The Weather" cards to your hand or Special Summon 1 of your banished "The Weather" monsters.
●If a "The Weather" card(s) you control would be destroyed by a card effect, you can destroy this card instead.
[5782891] to: Once per turn, if a card(s) would be returned from the field to your opponent's hand by a "The Weather" card or effect, you can shuffle it into the Deck instead. You can only use each of the following effects of "The Weather Sky Gallery" once per turn.
●You can banish 1 "The Weather" card from your Deck; during the next Standby Phase, either add 1 of your banished "The Weather" cards to your hand or Special Summon 1 of your banished "The Weather" monsters.
●If a "The Weather" card(s) you control would be destroyed by a card effect, you can destroy this card instead.
[5782891] Finished scraping.
[5194131] STARTING TO SCRAPE DECK 5194131
[5194131] Finished scraping.
[5720993] STARTING TO SCRAPE DECK 5720993
[5720993] Finished scraping.
[4804758] STARTING TO SCRAPE DECK 4804758
[4804758] Finished scraping.
[4177191] STARTING TO SCRAPE DECK 4177191
[4177191] Finished scraping.
[5705030] STARTING TO SCRAPE DECK 5705030
[5705030] Finished scraping.
[5668288] STARTING TO SCRAPE DECK 5668288
[5668288] Finished scraping.
[5659403] STARTING TO SCRAPE DECK 5659403
[5659403] Finished scraping.
[5751277] STARTING TO SCRAPE DECK 5751277
[5751277] Finished scraping.
[5744520] STARTING TO SCRAPE DECK 5744520
[5744520] Finished scraping.
[6771198] STARTING TO SCRAPE DECK 6771198
[6771198] Finished scraping.
[2775342] STARTING TO SCRAPE DECK 2775342
[2775342] Finished scraping.
[6785116] STARTING TO SCRAPE DECK 6785116
[6785116] Finished scraping.
[6792668] STARTING TO SCRAPE DECK 6792668
[6792668] Finished scraping.
[6792679] STARTING TO SCRAPE DECK 6792679
[6792679] Finished scraping.
[6793309] STARTING TO SCRAPE DECK 6793309
[6793309] Finished scraping.
[6793437] STARTING TO SCRAPE DECK 6793437
[6793437] Finished scraping.
[6793424] STARTING TO SCRAPE DECK 6793424
[6793424] note: property 'effect' of card id 1827982 (Chrono-Thief's Clock Tower) was changed
[6793424] from: When this card is activated: add 1 "Time Thief" monster from your Deck to your hand, but you cannot Special Summon monsters from the Extra Deck the turn you activate this effect, except Psychic or Machine monsters. If a "Time Thief" Xyz Monster detaches a material(s) by card effect or to activate their effect: You can apply 1 of the following effects, depending on what was detached.
- Monster: Special Summon 1 "Time Thief" monster from your hand, but if you do, return it to the top of the Deck during the end of this Phase.
- Spell: Shuffle up to 2 of your "Time Thief" cards that are banished or in the GY into the Deck.
- Trap: Return 1 face-up card you control to the hand, and if you do, shuffle 1 card from your hand into the Deck. 
You can only use each effect of "Chrono-Thief's Clock Tower" once per turn.
[6793424] to: When this card is activated: Add 1 "Time Thief" monster from your Deck to your hand. If a "Time Thief" Xyz Monster detaches a material(s) by, or to activate its effect: You can apply 1 of the following effects depending on what was detached.
● Monster: Special Summon 1 "Time Thief" monster from your hand but place it on the top of the Deck at the end of this Phase.
● Spell: Shuffle up to 2 of your "Time Thief" cards that are banished or in your GY into the Deck.
● Trap: Return 1 face-up card you control to the hand, and if you do, shuffle 1 card from your hand into the Deck.
You can only use each effect of "Chrono-Thief's Clock Tower" once per turn. You cannot Special Summon monsters from the Extra Deck the turn you activate this card, except Psychic and Machine monsters.
[6793424] Finished scraping.
[6771472] STARTING TO SCRAPE DECK 6771472
[6771472] warning: card id 1943564 (Avendread Ruby) was duplicated in <6771472> from <6771198>
[6771472] warning: card id 1943574 (Avendreads, Assemble!) was duplicated in <6771472> from <6771198>
[6771472] warning: card id 1941018 (Avendread Tale) was duplicated in <6771472> from <6771198>
[6771472] warning: card id 1941026 (Vendread Commander) was duplicated in <6771472> from <6771198>
[6771472] Finished scraping.
[6794841] STARTING TO SCRAPE DECK 6794841
[6794841] Finished scraping.
[6798989] STARTING TO SCRAPE DECK 6798989
[6798989] Finished scraping.
[6807794] STARTING TO SCRAPE DECK 6807794
[6807794] Finished scraping.
[6804358] STARTING TO SCRAPE DECK 6804358
[6804358] Finished scraping.
[6804350] STARTING TO SCRAPE DECK 6804350
[6804350] Finished scraping.
[6804345] STARTING TO SCRAPE DECK 6804345
[6804345] Finished scraping.
[6804341] STARTING TO SCRAPE DECK 6804341
[6804341] Finished scraping.
[6780728] STARTING TO SCRAPE DECK 6780728
[6780728] Finished scraping.
[4493192] STARTING TO SCRAPE DECK 4493192
[4493192] Finished scraping.
[6801590] STARTING TO SCRAPE DECK 6801590
[6801590] Finished scraping.
[6858396] STARTING TO SCRAPE DECK 6858396
[6858396] Finished scraping.
[6845097] STARTING TO SCRAPE DECK 6845097
[6845097] Finished scraping.
[6881030] STARTING TO SCRAPE DECK 6881030
[6881030] Finished scraping.
[6858740] STARTING TO SCRAPE DECK 6858740
[6858740] Finished scraping.
[6913421] STARTING TO SCRAPE DECK 6913421
[6913421] Finished scraping.
[5793524] STARTING TO SCRAPE DECK 5793524
[5793524] Finished scraping.
[6918022] STARTING TO SCRAPE DECK 6918022
[6918022] Finished scraping.
[6936982] STARTING TO SCRAPE DECK 6936982
[6936982] Finished scraping.
[6933325] STARTING TO SCRAPE DECK 6933325
[6933325] Finished scraping.
[6942144] STARTING TO SCRAPE DECK 6942144
[6942144] Finished scraping.
[6318313] STARTING TO SCRAPE DECK 6318313
[6318313] Finished scraping.
[6858407] STARTING TO SCRAPE DECK 6858407
[6858407] Finished scraping.
[6819600] STARTING TO SCRAPE DECK 6819600
[6819600] Finished scraping.
[4805092] STARTING TO SCRAPE DECK 4805092
[4805092] Finished scraping.
[6981414] STARTING TO SCRAPE DECK 6981414
[6981414] Finished scraping.
[6952745] STARTING TO SCRAPE DECK 6952745
[6952745] note: [+] added new card 2007208 (Tindangle Scythe Slasher)
[6952745] note: [+] added new card 2007252 (Tindangle Astro Gardna)
[6952745] note: [+] added new card 2007226 (Point of Perfection)
[6952745] note: [+] added new card 1601930 (Alcazar Shield)
[6952745] note: [+] added new card 1298190 (Tindangle Acute Unicorn)
[6952745] note: [+] added new card 1298170 (Tindangle Acute Griffin)
[6952745] note: [+] added new card 2007274 (Tindangle Obtuse Orthus)
[6952745] Finished scraping.
[6952371] STARTING TO SCRAPE DECK 6952371
[6952371] Finished scraping.
[7003669] STARTING TO SCRAPE DECK 7003669
[7003669] note: property 'effect' of card id 2022228 (Appliancer Washer Hippo) was changed
[7003669] from: 3 Level/Rank/LINK 1 monsters
Once per turn, you can also Link Summon "Appliancer Washer Hippo" by sending 1 "Appliancer Celtopus" you control to the GY, and shuffling 2 Link-1 "Appliancer" Link Monsters from your GY into the Deck. Cannot be destroyed by battle. During your opponent's turn or your Battle Phase, when a card or effect is activated while the only monsters you control are "Appliancer" monsters (Quick Effect): You can Tribute 1 "Appliancer" Link Monster you control that is Co-Linked to this card; negate the activation, and if you do, destroy it. Once per turn during the End Phase: You can send 1 card from your hand or field to the GY; Special Summon 1 "Appliancer" monster to a Main Monster Zone this card points to.
[7003669] to: 3 Level/Rank/LINK 1 monsters
Once per turn, you can also Link Summon "Appliancer Washer Hippo" by sending 1 "Appliancer Celtopus" you control to the GY, and shuffling 2 Link-1 "Appliancer" Link Monsters from your GY into the Deck. Cannot be destroyed by battle. During your opponent's turn or your Battle Phase, when a card or effect is activated while the only monsters you control are "Appliancer" monsters (Quick Effect): You can Tribute 1 "Appliancer" Link Monster you control that is Co-Linked to this card; negate the activation, and if you do, destroy it. Once per turn during the End Phase: You can send 1 card from your hand or field to the GY; Special Summon 1 "Appliancer" monster from your GY to a Main Monster Zone this card points to.
[7003669] Finished scraping.
[6993829] STARTING TO SCRAPE DECK 6993829
[6993829] Finished scraping.
[7015993] STARTING TO SCRAPE DECK 7015993
[7015993] note: property 'effect' of card id 2026056 (Eternal Rage of the Awakened Disaster) was changed
[7015993] from: Target 1 "Armityle, the Chaos Phantasm" you control; it gains ATK equal to the combined ATK of all other face-up monsters on the field, also, during this Battle Phase only, if that target you control attacks a Defense Position monster, inflict piercing battle damage. If a "Armityle, the Chaos Phantasm" you control that was targeted by this card's previous effect battles, your opponent cannot activate any cards or effects until the end of the Damage Step. You can banish this card from your GY, then target 1 "Uria, Lord of Searing Flames", "Hamon, Lord of Striking Thunder", "Raviel, Lord of Phantasms", "Armityle the Chaos Phantasm" OR 1 Fiend monster with 0 ATK that lists "Uria, Lord of Searing Flames", "Hamon, Lord of Striking Thunder" or "Raviel, Lord of Phantasms" in its text in your GY; add it to your hand. You can only use each effect of "Eternal Rage of the Awakened Disaster" once per turn.
[7015993] to: If you control a face-up Fusion Monster that specifically lists "Uria, Lord of Searing Flames", "Hamon, Lord of Striking Thunder" OR "Raviel, Lord of Phantasms" in its text: Target 1 card on the field; banish it. You can banish this card from your GY, then target 1 "Uria, Lord of Searing Flames", "Hamon, Lord of Striking Thunder", "Raviel, Lord of Phantasms", "Armityle the Chaos Phantasm" OR 1 Fiend monster with 0 ATK that lists "Uria, Lord of Searing Flames", "Hamon, Lord of Striking Thunder" or "Raviel, Lord of Phantasms" in its text in your GY; add it to your hand. You can only use each effect of "Eternal Rage of the Awakened Disaster" once per turn.
[7015993] note: property 'effect' of card id 2026050 (Kolasi, Phantasm of Screeching Hellfire) was changed
[7015993] from: "Uria, Lord of Searing Flames or "Raviel, Lord of Phantasms" + 1 Level 10 monster
Must be Fusion Summoned, OR Special Summoned (from your Extra Deck) by banishing the above cards you control. This card's name is treated as "Uria, Lord of Searing Flames" while face-up on the field. If there is a Trap Card on the field: You can have this card gain 1000 ATK, and, if it does, you can move this card to another Main Monster Zone. If a Trap Card or effect is activated: You can destroy all cards in this card's column. You can only use each effect of "Kolasi, Phantasm of Screeching Hellfire" once per turn.
[7015993] to: "Uria, Lord of Searing Flames or "Raviel, Lord of Phantasms" + 1 Level 10 monster
Must be Fusion Summoned OR Special Summoned (from your Extra Deck) by banishing the above cards you control (you do not use "Polymerization".) This card's name is treated as "Uria, Lord of Searing Flames" while face-up on the field. If there is a Trap Card on the field: You can have this card gain 1000 ATK, and, if it does, you can move this card to another Main Monster Zone. When a Trap Card or effect is activated (Quick Effect): You can destroy all cards in this card's column. You can only use each effect of "Kolasi, Phantasm of Screeching Hellfire" once per turn.
[7015993] note: property 'effect' of card id 2026073 (Thredreus, Father of the Phantasms) was changed
[7015993] from: 3 Fiend monsters with 0 or 4000 ATK
Cannot be targeted for attacks while its ATK is 0, but your opponent can attack directly. You can destroy 1 Level 10 or higher monster this card points to, then Special Summon 1 Fusion Monster from your Extra Deck that lists that destroyed monster's name as Fusion Material, ignoring its Summoning conditions. If a Fusion Monster this card points to destroys an opponent's monster by battle: You can have this card gain 2000 ATK. You can only use each effect of "Thredreus, Father of the Phantasms" once per turn.
[7015993] to: 3 Fiend monsters with 0 ATK and/or monsters with 4000 ATK
Cannot be targeted for attacks while its ATK is 0, but your opponent can attack directly. You can destroy 1 Level 10 or higher monster this card points to, then Special Summon 1 Fusion Monster from your Extra Deck that lists that destroyed monster's name as Fusion Material, ignoring its Summoning conditions. If a Fusion Monster this card points to destroys an opponent's monster by battle: You can have this card gain 2000 ATK. You can only use each effect of "Thredreus, Father of the Phantasms" once per turn.
[7015993] Finished scraping.
[7027863] STARTING TO SCRAPE DECK 7027863
[7027863] Finished scraping.
[7002660] STARTING TO SCRAPE DECK 7002660
[7002660] Finished scraping.
[5833853] STARTING TO SCRAPE DECK 5833853
[5833853] Finished scraping.
[7025794] STARTING TO SCRAPE DECK 7025794
[7025794] Finished scraping.
[6891534] STARTING TO SCRAPE DECK 6891534
[6891534] Finished scraping.
[7094214] STARTING TO SCRAPE DECK 7094214
[7094214] Finished scraping.
[7085230] STARTING TO SCRAPE DECK 7085230
[7085230] warning: card id 2046371 (Incandescent Sorcerer) is not public
[7085230] Finished scraping.
[7022231] STARTING TO SCRAPE DECK 7022231
[7022231] Finished scraping.
[5615821] STARTING TO SCRAPE DECK 5615821
[5615821] Finished scraping.
[7251527] STARTING TO SCRAPE DECK 7251527
[7251527] Finished scraping.
[7263281] STARTING TO SCRAPE DECK 7263281
[7263281] Finished scraping.
[7306486] STARTING TO SCRAPE DECK 7306486
[7306486] Finished scraping.
[7311070] STARTING TO SCRAPE DECK 7311070
[7311070] Finished scraping.
[6011815] STARTING TO SCRAPE DECK 6011815
[6011815] Finished scraping.
[7297777] STARTING TO SCRAPE DECK 7297777
[7297777] Finished scraping.
[7252887] STARTING TO SCRAPE DECK 7252887
[7252887] Finished scraping.
[7311950] STARTING TO SCRAPE DECK 7311950
[7311950] Finished scraping.
[7428988] STARTING TO SCRAPE DECK 7428988
[7428988] Finished scraping.
[7435843] STARTING TO SCRAPE DECK 7435843
[7435843] Finished scraping.
[7086187] STARTING TO SCRAPE DECK 7086187
[7086187] Finished scraping.
[2166281] STARTING TO SCRAPE DECK 2166281
[2166281] warning: card id 8463 (Black Fang Magician) was duplicated in <2166281> from <2166281>
[2166281] warning: card id 6634 (Odd-Eyes Pendulum Dragon) was duplicated in <2166281> from <2166281>
[2166281] warning: card id 3283 (Peten the Dark Clown) was duplicated in <2166281> from <2166281>
[2166281] warning: card id 7766 (The Phantom Knights of Cloven Helm) was duplicated in <2166281> from <2166281>
[2166281] warning: card id 7766 (The Phantom Knights of Cloven Helm) was duplicated in <2166281> from <2166281>
[2166281] warning: card id 7767 (The Phantom Knights of Fragile Armor) was duplicated in <2166281> from <2166281>
[2166281] warning: card id 7767 (The Phantom Knights of Fragile Armor) was duplicated in <2166281> from <2166281>
[2166281] warning: card id 7765 (The Phantom Knights of Ragged Gloves) was duplicated in <2166281> from <2166281>
[2166281] warning: card id 7765 (The Phantom Knights of Ragged Gloves) was duplicated in <2166281> from <2166281>
[2166281] warning: card id 7764 (The Phantom Knights of Silent Boots) was duplicated in <2166281> from <2166281>
[2166281] warning: card id 7764 (The Phantom Knights of Silent Boots) was duplicated in <2166281> from <2166281>
[2166281] warning: card id 82 (Allure of Darkness) was duplicated in <2166281> from <2166281>
[2166281] warning: card id 1236 (Double Summon) was duplicated in <2166281> from <2166281>
[2166281] warning: card id 8381 (Foolish Burial Goods) was duplicated in <2166281> from <2166281>
[2166281] warning: card id 2695 (Magical Stone Excavation) was duplicated in <2166281> from <2166281>
[2166281] warning: card id 2954 (Monster Reincarnation) was duplicated in <2166281> from <2166281>
[2166281] warning: card id 4158 (Swords of Revealing Light) was duplicated in <2166281> from <2166281>
[2166281] warning: card id 8233 (The Phantom Knights' Rank-Up-Magic Launch) was duplicated in <2166281> from <2166281>
[2166281] warning: card id 8233 (The Phantom Knights' Rank-Up-Magic Launch) was duplicated in <2166281> from <2166281>
[2166281] warning: card id 2909 (Mirror Force) was duplicated in <2166281> from <2166281>
[2166281] warning: card id 7770 (Phantom Knights' Fog Blade) was duplicated in <2166281> from <2166281>
[2166281] warning: card id 7772 (Phantom Knights' Wing) was duplicated in <2166281> from <2166281>
[2166281] warning: card id 8534 (The Phantom Knights of Lost Vambrace) was duplicated in <2166281> from <2166281>
[2166281] warning: card id 7835 (The Phantom Knights of Shade Brigandine) was duplicated in <2166281> from <2166281>
[2166281] warning: card id 6806 (The Phantom Knights of Shadow Veil) was duplicated in <2166281> from <2166281>
[2166281] warning: card id 8535 (The Phantom Knights of Wrong Magnetring) was duplicated in <2166281> from <2166281>
[2166281] warning: card id 7728 (Pendulum Reborn) was duplicated in <2166281> from <2166281>
[2166281] warning: card id 6786 (Dark Rebellion Xyz Dragon) was duplicated in <2166281> from <2166281>
[2166281] warning: card id 6786 (Dark Rebellion Xyz Dragon) was duplicated in <2166281> from <2166281>
[2166281] warning: card id 8228 (Dark Requiem Xyz Dragon) was duplicated in <2166281> from <2166281>
[2166281] warning: card id 8228 (Dark Requiem Xyz Dragon) was duplicated in <2166281> from <2166281>
[2166281] warning: card id 8651 (Supreme King Dragon Dark Rebellion) was duplicated in <2166281> from <2166281>
[2166281] warning: card id 8651 (Supreme King Dragon Dark Rebellion) was duplicated in <2166281> from <2166281>
[2166281] warning: card id 7768 (The Phantom Knights of Break Sword) was duplicated in <2166281> from <2166281>
[2166281] warning: card id 8510 (The Phantom Knights of Cursed Javelin) was duplicated in <2166281> from <2166281>
[2166281] Finished scraping.
[main] note: [-] removed old card 452967 (Harlequin King Dragon)
[main] note: [-] removed old card 2079129 (Titanic Dragonlord)
[main] note: [-] removed old card 956234 (Zeredia, the Spellswordswoman)
[main] note: [-] removed old card 2181093 (Aromage Lavender)
[main] note: [-] removed old card 1690911 (Emitting Europa, The Spatial Spear Wielder)
[main] note: [-] removed old card 1818925 (Scripture Golem)
[main] note: [-] removed old card 1001303 (Worst Venemy of Reptiles)
[main] note: [-] removed old card 1941747 (Dark Ruler's Fiend)
[main] note: [-] removed old card 1990195 (Kyogre - The Eternal Downpour)
[main] note: [-] removed old card 1992615 (Primal Kyogre - The Unyielding Storm)
[main] note: [-] removed old card 1952286 (Starry Night Galaxel)
[main] note: [-] removed old card 1513553 (Rank-Up-Magic - Sea Force)
[main] note: [-] removed old card 2267261 (Story Crafting)
[main] note: [-] removed old card 1805998 (Celadon Point)
[main] note: [-] removed old card 1926423 (Melffy Tree Stump)
[main] note: [-] removed old card 1943501 (Red-Eyes B. Dragon)
[main] Time elapsed: 731.982822s
[interact] Beginning interaction phase.
[interact] Changed ids: ["1944932", "1940004", "1744396", "1744619", "1744401", "1314672", "1220047", "1827982", "2022228", "2026056", "2026050", "2026073", "2172982", "1732265", "1732204", "1731536", "1732082", "1731830", "1732215", "1732250", "2135823", "1730841", "1731075", "1732294", "2235407", "2235586", "1765081", "1764824", "1747079", "1372920", "1372913", "1372791", "1583661", "1621069", "1583562", "1796829", "1946986", "1764824", "1765081", "1915200", "1919703", "1919693", "1965436", "1975468", "1970819", "1970802", "1970801", "1970791", "1915139", "1993786", "1993875", "2056655", "2056655", "2056643", "2056643", "2106918", "2113652", "1897679", "1897679", "1897679", "1897679", "1897679", "1897679", "1897739", "1897739", "1897739", "1897739", "1897739", "1897721", "1897721", "1897721", "1897721", "1897721", "1924800", "1924800", "1924800", "1924800", "1924800", "1924800", "1897771", "1897771", "1897771", "1897761", "1897761", "1897761", "1897779", "1897779", "1897779", "1607455", "2152244", "2116207", "2116200", "2116189", "2116223", "2169955", "2169961", "2169961", "2152568", "1845296", "2229967", "2229970", "2229974", "2229977", "2229980", "2229983", "2229986", "2200753", "2193724", "2048320", "2048316", "2048316", "2048312", "2212467", "2211188", "1187441", "1205136", "2242808", "1205160", "1210382", "1210351", "2242172", "2233132", "1205115", "2233065", "2190820", "2190834", "2190836", "2094743", "2285463", "1472", "1725218", "1479910", "2184792", "1934226", "1644464", "1983661", "1992729", "2109285", "2237604", "2198381", "2190009", "2268583", "2295483", "2323893", "1614721", "1996484", "1996484", "1996484", "2144727", "2109203", "1680004", "2237380", "2323891", "1038566", "1038566", "1807479", "1994828", "1956894", "1956938", "1891648", "2147871", "2123011", "2106800", "1917807", "1614721", "818802", "1479910", "3898", "7303"]
[interact] Keypress: "i"
[interact] Saved old version of 1210351 (The Simulacra, Reality's Substrings)
[interact] Exiting interaction